vite v8.2.2 building client environment for sandbox...
transforming...
✓ 3302 modules transformed.
rendering chunks...
computing gzip size...
dist-sandbox/artisan-collective.html                                                   3.63 kB │ gzip:   0.92 kB
dist-sandbox/index.html                                                                3.68 kB │ gzip:   0.93 kB
dist-sandbox/assets/leaf_glyph-DEi9o_oE.png                                          267.16 kB
dist-sandbox/assets/editor.worker-CcK0Ydjj.js                                        281.21 kB
dist-sandbox/assets/wetland_reed-BL1Z8pbV.png                                        333.29 kB
dist-sandbox/assets/json.worker-B_Cqcmp7.js                                          410.53 kB
dist-sandbox/assets/water_ripple-DyLkNPRQ.png                                        428.10 kB
dist-sandbox/assets/circuit_vine-BkZrMUTJ.png                                        469.67 kB
dist-sandbox/assets/moon_crest-DC9liPd0.png                                          527.21 kB
dist-sandbox/assets/robotic_seed-C6m6uOFt.png                                        549.26 kB
dist-sandbox/assets/mushroom_badge-A3Q0dmux.png                                      638.45 kB
dist-sandbox/assets/html.worker-DS3nu8jg.js                                          720.92 kB
dist-sandbox/assets/css.worker-Dbe2hCzx.js                                         1,056.12 kB
dist-sandbox/assets/pollinator-Cdt0HH1P.png                                        1,514.67 kB
dist-sandbox/assets/aurora-canopy-overlay-BnJM88m5.png                             1,668.07 kB
dist-sandbox/assets/ts.worker-Bt-G9PB_.js                                          5,935.40 kB
dist-sandbox/assets/star_map-sb8blPnj.png                                          6,301.61 kB
dist-sandbox/assets/preparation-wOKG_Byd.css                                           1.86 kB │ gzip:   0.71 kB
dist-sandbox/assets/AddonIntakePanel-D2OM_mZj.css                                      6.87 kB │ gzip:   2.08 kB
dist-sandbox/assets/editor-CJEeZjoM.css                                               74.22 kB │ gzip:  11.68 kB
dist-sandbox/assets/main-BpBKYbGW.css                                                223.99 kB │ gzip:  40.75 kB
dist-sandbox/assets/safe-assets-v1-sandboxEnvironment-ynnLwmIg.js                      0.09 kB │ gzip:   0.10 kB
dist-sandbox/assets/safe-assets-v1-useMarketplaceContext-J7pEyNhI.js                   0.09 kB │ gzip:   0.10 kB
dist-sandbox/assets/safe-assets-v1-legalDocumentLink-5GKJ3bv_.js                       0.19 kB │ gzip:   0.16 kB
dist-sandbox/assets/safe-assets-v1-TrustBadge-DhlM487G.js                              0.20 kB │ gzip:   0.18 kB
dist-sandbox/assets/safe-assets-v1-StatusBadge-CEKZ-hoV.js                             0.20 kB │ gzip:   0.18 kB
dist-sandbox/assets/safe-assets-v1-exactMoney-BpLSXrCN.js                              0.24 kB │ gzip:   0.20 kB
dist-sandbox/assets/safe-assets-v1-WarningCallout-CbTRJ-QM.js                          0.25 kB │ gzip:   0.19 kB
dist-sandbox/assets/safe-assets-v1-safeInternalActionPath-CnaQZs4l.js                  0.27 kB │ gzip:   0.20 kB
dist-sandbox/assets/safe-assets-v1-FeatureCard-CczLp5yU.js                             0.28 kB │ gzip:   0.21 kB
dist-sandbox/assets/safe-assets-v1-PageBrandMark-47YN8oFj.js                           0.42 kB │ gzip:   0.26 kB
dist-sandbox/assets/safe-assets-v1-listingTruth-BgtHlh09.js                            0.52 kB │ gzip:   0.27 kB
dist-sandbox/assets/safe-assets-v1-RequireMember-B9lO9inp.js                           0.53 kB │ gzip:   0.34 kB
dist-sandbox/assets/safe-assets-v1-PageHero-CuNqmk3E.js                                0.57 kB │ gzip:   0.31 kB
dist-sandbox/assets/safe-assets-v1-siteUrls-DBEReoRQ.js                                0.71 kB │ gzip:   0.45 kB
dist-sandbox/assets/safe-assets-v1-InboxSectionNavigation-jKQJBgfc.js                  0.74 kB │ gzip:   0.40 kB
dist-sandbox/assets/safe-assets-v1-The-Elysia-Mission-D2dVuUgj.js                      0.78 kB │ gzip:   0.47 kB
dist-sandbox/assets/safe-assets-v1-addonCatalog-C1VedJaE.js                            0.83 kB │ gzip:   0.43 kB
dist-sandbox/assets/safe-assets-v1-TurnstileWidget-tXlviUxB.js                         0.93 kB │ gzip:   0.49 kB
dist-sandbox/assets/safe-assets-v1-EconomicOperationsNavigation-DsEbO8b5.js            1.00 kB │ gzip:   0.47 kB
dist-sandbox/assets/safe-assets-v1-CreatorStudioDoorway-BUL3_07I.js                    1.08 kB │ gzip:   0.57 kB
dist-sandbox/assets/safe-assets-v1-useAuth-BSWIz1mN.js                                 1.09 kB │ gzip:   0.61 kB
dist-sandbox/assets/safe-assets-v1-rolldown-runtime-Dd_uD5pT.js                        1.10 kB │ gzip:   0.62 kB
dist-sandbox/assets/safe-assets-v1-CommonsProfileLayoutFrame-CkvyK7zK.js               1.33 kB │ gzip:   0.54 kB
dist-sandbox/assets/safe-assets-v1-securityLabels-BRAyKt4n.js                          1.36 kB │ gzip:   0.62 kB
dist-sandbox/assets/safe-assets-v1-The-Elysia-Ecobotics-Lab-DZsbU8-D.js                1.62 kB │ gzip:   0.79 kB
dist-sandbox/assets/safe-assets-v1-AccountDataExportPage-61vhwZxU.js                   1.72 kB │ gzip:   0.81 kB
dist-sandbox/assets/safe-assets-v1-workWithClient-DU3ElqAF.js                          1.76 kB │ gzip:   0.99 kB
dist-sandbox/assets/safe-assets-v1-Elysia-Ecobotics-Products-D4Mg1AFb.js               1.83 kB │ gzip:   0.83 kB
dist-sandbox/assets/safe-assets-v1-CommonsAvatarViewer-DCqWNyCZ.js                     1.85 kB │ gzip:   0.83 kB
dist-sandbox/assets/safe-assets-v1-dist-CsWoqK_d.js                                    2.02 kB │ gzip:   1.28 kB
dist-sandbox/assets/safe-assets-v1-InboxConversationPage-DBC2U7vX.js                   2.26 kB │ gzip:   1.04 kB
dist-sandbox/assets/safe-assets-v1-CheckoutReturnStatus-DF5hkyNi.js                    2.37 kB │ gzip:   1.06 kB
dist-sandbox/assets/safe-assets-v1-AccountDeletionPage-h1VmdirM.js                     2.42 kB │ gzip:   1.10 kB
dist-sandbox/assets/safe-assets-v1-ManifestApiPage-C4AzMihS.js                         2.80 kB │ gzip:   1.07 kB
dist-sandbox/assets/safe-assets-v1-useCoordinatedRefresh-DvLM7_Jo.js                   3.05 kB │ gzip:   1.23 kB
dist-sandbox/assets/safe-assets-v1-About-Elysia-Ecobotics-BN1SKf-m.js                  3.29 kB │ gzip:   1.40 kB
dist-sandbox/assets/safe-assets-v1-AccountSettingsPage-BsV8opAa.js                     3.36 kB │ gzip:   1.30 kB
dist-sandbox/assets/safe-assets-v1-useAccountDoorways-3A4Tvolz.js                      3.39 kB │ gzip:   1.47 kB
dist-sandbox/assets/safe-assets-v1-FundingExplanation-DAwRMJ97.js                      3.63 kB │ gzip:   1.57 kB
dist-sandbox/assets/safe-assets-v1-TrustPage-Bayqr_y2.js                               3.63 kB │ gzip:   1.12 kB
dist-sandbox/assets/safe-assets-v1-ActionPreviewPage-DUu-ScrO.js                       3.92 kB │ gzip:   1.31 kB
dist-sandbox/assets/safe-assets-v1-commons-circle-CtP3wlgc.js                          4.33 kB │ gzip:   1.92 kB
dist-sandbox/assets/safe-assets-v1-Elysia-Artisan-Collective-BjaatNBW.js               4.41 kB │ gzip:   1.61 kB
dist-sandbox/assets/safe-assets-v1-AccountDeactivationPage-Dv0l_0zs.js                 4.59 kB │ gzip:   1.99 kB
dist-sandbox/assets/safe-assets-v1-StewardshipRetentionPanel-BzZSCX7p.js               4.68 kB │ gzip:   1.86 kB
dist-sandbox/assets/safe-assets-v1-AccountChangePasswordPage-B_ntadnG.js               4.69 kB │ gzip:   1.88 kB
dist-sandbox/assets/safe-assets-v1-circleApi-DQKWZ319.js                               4.93 kB │ gzip:   1.84 kB
dist-sandbox/assets/safe-assets-v1-SupportThankYouPage-Bh1FJfFf.js                     5.42 kB │ gzip:   2.12 kB
dist-sandbox/assets/safe-assets-v1-AccountReactivationPage-C4yj0gsp.js                 5.43 kB │ gzip:   2.22 kB
dist-sandbox/assets/safe-assets-v1-HomePage-BrwOUfLt.js                                5.59 kB │ gzip:   1.96 kB
dist-sandbox/assets/safe-assets-v1-AccountForgotPasswordPage-BRRcEHj0.js               5.73 kB │ gzip:   2.22 kB
dist-sandbox/assets/safe-assets-v1-AccountRecoveryPage-Ce1SCzzu.js                     6.05 kB │ gzip:   2.17 kB
dist-sandbox/assets/safe-assets-v1-Elysia-Ecobotics-Online-MainPage-B1v3QXhY.js        6.11 kB │ gzip:   2.06 kB
dist-sandbox/assets/safe-assets-v1-preProviderContracts-D42LuUb_.js                    6.25 kB │ gzip:   2.16 kB
dist-sandbox/assets/safe-assets-v1-MessagingSettingsPage-mbybhQWe.js                   6.34 kB │ gzip:   2.15 kB
dist-sandbox/assets/safe-assets-v1-hostedAllowanceClient-BL0dVsY9.js                   6.90 kB │ gzip:   2.89 kB
dist-sandbox/assets/safe-assets-v1-MarketplaceProvider-Cm0Fg6uw.js                     6.97 kB │ gzip:   2.70 kB
dist-sandbox/assets/safe-assets-v1-BrowsePage-DjdFDT_J.js                              7.16 kB │ gzip:   2.37 kB
dist-sandbox/assets/safe-assets-v1-AccountNotificationPreferencesPage-RXj3ipjW.js      7.19 kB │ gzip:   2.44 kB
dist-sandbox/assets/safe-assets-v1-CirclePage-CBXR4Y4e.js                              7.61 kB │ gzip:   2.25 kB
dist-sandbox/assets/safe-assets-v1-WorkWithWorkspace-BCMD5ski.js                       7.67 kB │ gzip:   2.97 kB
dist-sandbox/assets/safe-assets-v1-AccountPrivacySettingsPage-C8cbf0nJ.js              8.34 kB │ gzip:   2.91 kB
dist-sandbox/assets/safe-assets-v1-RequestsReviewsPage-Cs4AlvUY.js                     8.55 kB │ gzip:   3.05 kB
dist-sandbox/assets/safe-assets-v1-CommonsCircleAdminConsolePage-DlAZTqsw.js           8.56 kB │ gzip:   2.73 kB
dist-sandbox/assets/safe-assets-v1-MessagingAccessAdminPage-B1SsYjNk.js                8.59 kB │ gzip:   2.80 kB
dist-sandbox/assets/safe-assets-v1-PreparationComponents-CvVwI8M3.js                   8.93 kB │ gzip:   3.72 kB
dist-sandbox/assets/safe-assets-v1-HostedExecutionAllowancePage-tQppQ2BT.js            9.23 kB │ gzip:   3.01 kB
dist-sandbox/assets/safe-assets-v1-NotificationsPage-C3847qAF.js                       9.47 kB │ gzip:   3.39 kB
dist-sandbox/assets/safe-assets-v1-commonsCustomizationStyles-CT533LZb.js              9.82 kB │ gzip:   2.67 kB
dist-sandbox/assets/safe-assets-v1-AccountLifecycleRequestForm-BCDMtM3U.js            10.45 kB │ gzip:   3.51 kB
dist-sandbox/assets/safe-assets-v1-NewConversationPage-BwfK9oAe.js                    10.64 kB │ gzip:   3.61 kB
dist-sandbox/assets/safe-assets-v1-InboxPage-BHtvwmkr.js                              10.79 kB │ gzip:   3.69 kB
dist-sandbox/assets/safe-assets-v1-dist-DyHvqXyb.js                                   11.59 kB │ gzip:   5.19 kB
dist-sandbox/assets/safe-assets-v1-CreatorStudioPage-3KZLhz15.js                      11.69 kB │ gzip:   3.67 kB
dist-sandbox/assets/safe-assets-v1-participationClient-BQsSRBm8.js                    11.75 kB │ gzip:   4.19 kB
dist-sandbox/assets/safe-assets-v1-vendor-icons-ui-CVdXa1HN.js                        12.28 kB │ gzip:   4.96 kB
dist-sandbox/assets/safe-assets-v1-SignalConsolePage-CyfzjEFn.js                      13.08 kB │ gzip:   3.82 kB
dist-sandbox/assets/safe-assets-v1-ProfileAppearanceSettingsPage-DR51lCDv.js          13.89 kB │ gzip:   3.86 kB
dist-sandbox/assets/safe-assets-v1-InboxMessagingPanel-BNKixO7u.js                    14.20 kB │ gzip:   4.37 kB
dist-sandbox/assets/safe-assets-v1-The-Story-of-Elysia-DvpNxLtr.js                    14.56 kB │ gzip:   5.00 kB
dist-sandbox/assets/safe-assets-v1-AdminCommunicationsPage-CsECfQE3.js                14.65 kB │ gzip:   4.14 kB
dist-sandbox/assets/safe-assets-v1-SubmitPage-BE0_RseO.js                             14.67 kB │ gzip:   5.06 kB
dist-sandbox/assets/safe-assets-v1-marketplaceApi-7hi3KzZ2.js                         15.29 kB │ gzip:   4.84 kB
dist-sandbox/assets/safe-assets-v1-commons-profile-D99AYK8r.js                        15.37 kB │ gzip:   4.07 kB
dist-sandbox/assets/safe-assets-v1-AddonDetailsPage-BBhulMBG.js                       16.00 kB │ gzip:   5.32 kB
dist-sandbox/assets/safe-assets-v1-Work-With-Elysia-Ecobotics-B_zYirxK.js             16.91 kB │ gzip:   5.46 kB
dist-sandbox/assets/safe-assets-v1-JobPostFeeWorkspace-BEK7i7mP.js                    17.27 kB │ gzip:   5.75 kB
dist-sandbox/assets/safe-assets-v1-AuthPanel-D3ha3TWy.js                              17.37 kB │ gzip:   5.43 kB
dist-sandbox/assets/safe-assets-v1-SavedShelvesPage-BoFv9hAa.js                       17.62 kB │ gzip:   4.07 kB
dist-sandbox/assets/safe-assets-v1-The-Commons-Circle-CUQRiruQ.js                     18.00 kB │ gzip:   5.68 kB
dist-sandbox/assets/safe-assets-v1-accountCommunicationsApi-BmMlgFt4.js               19.70 kB │ gzip:   5.39 kB
dist-sandbox/assets/safe-assets-v1-The-Elysia-Archive-BIghqOo1.js                     20.44 kB │ gzip:   5.93 kB
dist-sandbox/assets/safe-assets-v1-Support-CaBT0hR0.js                                20.91 kB │ gzip:   6.61 kB
dist-sandbox/assets/safe-assets-v1-tsMode-B2j9m8Q_.js                                 23.74 kB │ gzip:   6.55 kB
dist-sandbox/assets/safe-assets-v1-dist-CzlrLCzv.js                                   26.47 kB │ gzip:   8.69 kB
dist-sandbox/assets/safe-assets-v1-ForgeMonacoEditor-CuX-KBtN.js                      26.83 kB │ gzip:   8.41 kB
dist-sandbox/assets/safe-assets-v1-dist-COjC_mUG.js                                   26.88 kB │ gzip:  12.72 kB
dist-sandbox/assets/safe-assets-v1-dist-BhPaIygo.js                                   28.43 kB │ gzip:  11.54 kB
dist-sandbox/assets/safe-assets-v1-EconomicOperationsSectionPage-bl8bx7lz.js          30.40 kB │ gzip:   8.41 kB
dist-sandbox/assets/safe-assets-v1-dist-BMW__ghJ.js                                   30.77 kB │ gzip:  12.77 kB
dist-sandbox/assets/safe-assets-v1-cssMode-CMj4dqOB.js                                32.54 kB │ gzip:   8.44 kB
dist-sandbox/assets/safe-assets-v1-SignalDetailPage-B0Aa8RUW.js                       32.76 kB │ gzip:   7.34 kB
dist-sandbox/assets/safe-assets-v1-htmlMode-DkCcGakl.js                               33.07 kB │ gzip:   8.55 kB
dist-sandbox/assets/safe-assets-v1-dist-BmCy6FLY.js                                   40.74 kB │ gzip:  16.95 kB
dist-sandbox/assets/safe-assets-v1-jsonMode-gX8w89M1.js                               41.82 kB │ gzip:  11.71 kB
dist-sandbox/assets/safe-assets-v1-The-Living-Library-Di8l68Vi.js                     42.34 kB │ gzip:  11.26 kB
dist-sandbox/assets/safe-assets-v1-CommonsCircleSetupPage-BvaBdNBw.js                 43.35 kB │ gzip:  11.86 kB
dist-sandbox/assets/safe-assets-v1-dist-B9PH4Twn.js                                   43.92 kB │ gzip:  15.14 kB
dist-sandbox/assets/safe-assets-v1-dist-Q_9WVI4_.js                                   44.64 kB │ gzip:  19.35 kB
dist-sandbox/assets/safe-assets-v1-communeSandboxHandoffApi-DCbtkRSl.js               47.21 kB │ gzip:  11.90 kB
dist-sandbox/assets/safe-assets-v1-AccountPage-fJM-g22l.js                            54.31 kB │ gzip:  13.98 kB
dist-sandbox/assets/safe-assets-v1-SupportBillingPage-DtSd9X3s.js                     60.62 kB │ gzip:  14.45 kB
dist-sandbox/assets/safe-assets-v1-main-Bv0zMOVc.js                                   61.42 kB │ gzip:  15.42 kB
dist-sandbox/assets/safe-assets-v1-commonsCircleApi-B3WmVUvx.js                       70.18 kB │ gzip:  18.68 kB
dist-sandbox/assets/safe-assets-v1-dist-CaGHKGA9.js                                   70.81 kB │ gzip:  26.11 kB
dist-sandbox/assets/safe-assets-v1-schemas-C-KK5xM7.js                                70.86 kB │ gzip:  18.87 kB
dist-sandbox/assets/safe-assets-v1-AddonIntakePanel-D17scvZa.js                       80.78 kB │ gzip:  24.03 kB
dist-sandbox/assets/safe-assets-v1-standalone-6z5x8CWe.js                             80.99 kB │ gzip:  26.73 kB
dist-sandbox/assets/safe-assets-v1-dist-DoR6naUJ.js                                   84.70 kB │ gzip:  33.78 kB
dist-sandbox/assets/safe-assets-v1-CodeWorkspaceEditor-BKBezk4P.js                   103.17 kB │ gzip:  34.26 kB
dist-sandbox/assets/safe-assets-v1-dist-C1I5z9cv.js                                  103.92 kB │ gzip:  34.76 kB
dist-sandbox/assets/safe-assets-v1-Admin-DzCOmop-.js                                 115.01 kB │ gzip:  25.23 kB
dist-sandbox/assets/safe-assets-v1-EconomicOperationsPage-Nt4Wyzf-.js                135.91 kB │ gzip:  28.21 kB
dist-sandbox/assets/safe-assets-v1-developer-forge-COfkgmv_.js                       142.17 kB │ gzip:  43.41 kB
dist-sandbox/assets/safe-assets-v1-billingClient-BrGdj29O.js                         153.41 kB │ gzip:  32.54 kB
dist-sandbox/assets/safe-assets-v1-developerForgeApi-PLBWPJWR.js                     203.86 kB │ gzip:  59.29 kB
dist-sandbox/assets/safe-assets-v1-estree-CuT_pB8K.js                                210.38 kB │ gzip:  61.34 kB
dist-sandbox/assets/safe-assets-v1-markdown-CByV-4CU.js                              272.14 kB │ gzip:  91.87 kB
dist-sandbox/assets/safe-assets-v1-dist-LYKQBxeG.js                                  306.74 kB │ gzip:  99.47 kB
dist-sandbox/assets/safe-assets-v1-babel-CY5KOv-I.js                                 316.22 kB │ gzip:  82.42 kB
dist-sandbox/assets/safe-assets-v1-Legal-BXoPOjfU.js                                 344.81 kB │ gzip:  95.80 kB
dist-sandbox/assets/safe-assets-v1-vendor-react-bpFzcuKL.js                          348.03 kB │ gzip: 109.41 kB
dist-sandbox/assets/safe-assets-v1-commune-account-api-DoJDV8QM.js                   409.96 kB │ gzip: 101.12 kB
dist-sandbox/assets/safe-assets-v1-livingLibraryCatalog-Bkenp5QO.js                  412.89 kB │ gzip:  91.54 kB
dist-sandbox/assets/safe-assets-v1-commune-Dd_h4OkW.js                               455.39 kB │ gzip: 116.19 kB
dist-sandbox/assets/safe-assets-v1-editor.api-U01ng3UL.js                          2,505.30 kB │ gzip: 642.35 kB

✓ built in 1.86s
Sandbox artifact verified: isolated Supabase only, no inherited environment/secrets, billing disabled.
